// Jest Snapshot v1, https://goo.gl/fbAQLP

exports[`Prueba de <ReactApp /> Debe de hacer match con el snapshot 1`] = `
<div>
  <h1>
    Hola, soy Noelia
  </h1>
  <h3>
    no hay subtitulo
  </h3>
  <p>
    Noelia
  </p>
</div>
`;
